// Jest Snapshot v1, https://goo.gl/fbAQLP

exports[`Payload deserialize should properly deserialize a serialized payload 1`] = `
Payload {
  "createdAt": "2020-02-02T03:04:05.000Z",
  "data": "I ate all of the cheese",
  "duration": 1000,
  "position": 60000,
  "timestamp": "2020-02-02T03:04:01.000Z",
  "type": "CONFESSION",
}
`;

exports[`Payload deserialize should properly deserialize payload strings with null values 1`] = `
Object {
  "createdAt": Any<String>,
  "data": "hello",
  "duration": 0,
  "position": 0,
  "timestamp": "",
  "type": null,
}
`;

exports[`Payload serialize should properly should serialize data with a fully populated object 1`] = `"{\\"data\\":\\"I ate all of the cheese\\",\\"type\\":\\"CONFESSION\\",\\"createdAt\\":\\"2020-02-02T03:04:05.000Z\\",\\"timestamp\\":\\"2020-02-02T03:04:01.000Z\\",\\"duration\\":1000,\\"position\\":60000}"`;

exports[`Payload serialize should properly should serialize data with a partially populated object 1`] = `"{\\"data\\":\\"I ate all of the cheese\\",\\"type\\":null,\\"createdAt\\":\\"2020-07-08T17:28:29.032Z\\",\\"timestamp\\":\\"\\",\\"duration\\":0,\\"position\\":0}"`;

exports[`Payload serialize should properly should serialize data with an empty object 1`] = `"{\\"data\\":null,\\"type\\":null,\\"createdAt\\":\\"2020-06-14T17:37:14.000Z\\",\\"timestamp\\":\\"\\",\\"duration\\":0,\\"position\\":0}"`;
